###############################################################################
#
# IAR ELF Linker V8.30.1.114/W32 for ARM                  17/Oct/2020  12:13:05
# Copyright 2007-2018 IAR Systems AB.
#
#    Output file  =  
#        E:\FeiMaoTui\Project\stm32_¹¦ºÄ²âÊÔ\1017\EWARM\1017\Exe\1017.out
#    Map file     =  
#        E:\FeiMaoTui\Project\stm32_¹¦ºÄ²âÊÔ\1017\EWARM\1017\List\1017.map
#    Command line =  
#        -f C:\Users\81472\AppData\Local\Temp\EWD1BE.tmp
#        (E:\FeiMaoTui\Project\stm32_¹¦ºÄ²âÊÔ\1017\EWARM\1017\Obj\main.o
#        E:\FeiMaoTui\Project\stm32_¹¦ºÄ²âÊÔ\1017\EWARM\1017\Obj\startup_stm32l431xx.o
#        E:\FeiMaoTui\Project\stm32_¹¦ºÄ²âÊÔ\1017\EWARM\1017\Obj\stm32l4xx_hal.o
#        E:\FeiMaoTui\Project\stm32_¹¦ºÄ²âÊÔ\1017\EWARM\1017\Obj\stm32l4xx_hal_cortex.o
#        E:\FeiMaoTui\Project\stm32_¹¦ºÄ²âÊÔ\1017\EWARM\1017\Obj\stm32l4xx_hal_dma.o
#        E:\FeiMaoTui\Project\stm32_¹¦ºÄ²âÊÔ\1017\EWARM\1017\Obj\stm32l4xx_hal_dma_ex.o
#        E:\FeiMaoTui\Project\stm32_¹¦ºÄ²âÊÔ\1017\EWARM\1017\Obj\stm32l4xx_hal_exti.o
#        E:\FeiMaoTui\Project\stm32_¹¦ºÄ²âÊÔ\1017\EWARM\1017\Obj\stm32l4xx_hal_flash.o
#        E:\FeiMaoTui\Project\stm32_¹¦ºÄ²âÊÔ\1017\EWARM\1017\Obj\stm32l4xx_hal_flash_ex.o
#        E:\FeiMaoTui\Project\stm32_¹¦ºÄ²âÊÔ\1017\EWARM\1017\Obj\stm32l4xx_hal_flash_ramfunc.o
#        E:\FeiMaoTui\Project\stm32_¹¦ºÄ²âÊÔ\1017\EWARM\1017\Obj\stm32l4xx_hal_gpio.o
#        E:\FeiMaoTui\Project\stm32_¹¦ºÄ²âÊÔ\1017\EWARM\1017\Obj\stm32l4xx_hal_i2c.o
#        E:\FeiMaoTui\Project\stm32_¹¦ºÄ²âÊÔ\1017\EWARM\1017\Obj\stm32l4xx_hal_i2c_ex.o
#        E:\FeiMaoTui\Project\stm32_¹¦ºÄ²âÊÔ\1017\EWARM\1017\Obj\stm32l4xx_hal_msp.o
#        E:\FeiMaoTui\Project\stm32_¹¦ºÄ²âÊÔ\1017\EWARM\1017\Obj\stm32l4xx_hal_pwr.o
#        E:\FeiMaoTui\Project\stm32_¹¦ºÄ²âÊÔ\1017\EWARM\1017\Obj\stm32l4xx_hal_pwr_ex.o
#        E:\FeiMaoTui\Project\stm32_¹¦ºÄ²âÊÔ\1017\EWARM\1017\Obj\stm32l4xx_hal_rcc.o
#        E:\FeiMaoTui\Project\stm32_¹¦ºÄ²âÊÔ\1017\EWARM\1017\Obj\stm32l4xx_hal_rcc_ex.o
#        E:\FeiMaoTui\Project\stm32_¹¦ºÄ²âÊÔ\1017\EWARM\1017\Obj\stm32l4xx_hal_tim.o
#        E:\FeiMaoTui\Project\stm32_¹¦ºÄ²âÊÔ\1017\EWARM\1017\Obj\stm32l4xx_hal_tim_ex.o
#        E:\FeiMaoTui\Project\stm32_¹¦ºÄ²âÊÔ\1017\EWARM\1017\Obj\stm32l4xx_it.o
#        E:\FeiMaoTui\Project\stm32_¹¦ºÄ²âÊÔ\1017\EWARM\1017\Obj\system_stm32l4xx.o
#        --redirect _Printf=_PrintfFull --redirect _Scanf=_ScanfFull
#        --no_out_extension -o
#        E:\FeiMaoTui\Project\stm32_¹¦ºÄ²âÊÔ\1017\EWARM\1017\Exe\1017.out
#        --map
#        E:\FeiMaoTui\Project\stm32_¹¦ºÄ²âÊÔ\1017\EWARM\1017\List\1017.map
#        --config
#        E:\FeiMaoTui\Project\stm32_¹¦ºÄ²âÊÔ\1017\EWARM/stm32l431xx_flash.icf
#        --semihosting --entry __iar_program_start --vfe --text_out locale)
#
###############################################################################

*******************************************************************************
*** RUNTIME MODEL ATTRIBUTES
***

CppFlavor       = *
__SystemLibrary = DLib
__dlib_version  = 6


*******************************************************************************
*** HEAP SELECTION
***

The basic heap was selected because no calls to memory allocation
functions were found in the application outside of system library
functions, and there are calls to deallocation functions in the
application.


*******************************************************************************
*** PLACEMENT SUMMARY
***

"A0":  place at 0x800'0000 { ro section .intvec };
"P1":  place in [from 0x800'0000 to 0x803'ffff] { ro };
define block CSTACK with size = 1K, alignment = 8 { };
define block HEAP with size = 512, alignment = 8 { };
"P2":  place in [from 0x2000'0000 to 0x2000'ffff] {
          rw, block CSTACK, block HEAP };
initialize by copy { rw };

  Section            Kind         Address   Size  Object
  -------            ----         -------   ----  ------
"A0":                                      0x18c
  .intvec            ro code   0x800'0000  0x18c  startup_stm32l431xx.o [1]
                             - 0x800'018c  0x18c

"P1":                                      0xca4
  .text              ro code   0x800'018c  0x70c  stm32l4xx_hal_rcc.o [1]
  .text              ro code   0x800'0898   0x44  stm32l4xx_hal.o [1]
  .text              ro code   0x800'08dc    0xc  stm32l4xx_hal.o [1]
  .text              ro code   0x800'08e8   0xdc  stm32l4xx_hal_pwr_ex.o [1]
  .text              ro code   0x800'09c4   0xac  stm32l4xx_hal_cortex.o [1]
  .text              ro code   0x800'0a70   0x8c  system_stm32l4xx.o [1]
  .text              ro code   0x800'0afc   0x64  main.o [1]
  .text              ro code   0x800'0b60   0x1e  stm32l4xx_hal.o [1]
  .text              ro code   0x800'0b80   0x10  stm32l4xx_hal.o [1]
  .text              ro code   0x800'0b90   0x10  stm32l4xx_hal_pwr.o [1]
  .text              ro code   0x800'0ba0    0x6  ABImemclr4.o [4]
  .text              ro code   0x800'0ba8   0x30  stm32l4xx_hal_msp.o [1]
  .text              ro code   0x800'0bd8   0x32  ABImemset48.o [4]
  .text              ro code   0x800'0c0a   0x2c  copy_init3.o [4]
  .text              ro code   0x800'0c38   0x28  data_init.o [4]
  .text              ro code   0x800'0c60   0x22  fpinit_M.o [3]
  .iar.init_table    const     0x800'0c84   0x14  - Linker created -
  .text              ro code   0x800'0c98   0x1e  cmain.o [4]
  .text              ro code   0x800'0cb6    0x4  low_level_init.o [2]
  .text              ro code   0x800'0cba    0x4  exit.o [2]
  .text              ro code   0x800'0cc0    0xa  cexit.o [4]
  .text              ro code   0x800'0ccc   0x14  exit.o [5]
  .text              ro code   0x800'0ce0   0x14  stm32l4xx_it.o [1]
  .text              ro code   0x800'0cf4   0x10  stm32l4xx_hal.o [1]
  .text              ro code   0x800'0d04   0x10  startup_stm32l431xx.o [1]
  Initializer bytes  const     0x800'0d14   0x10  <for P2-1>
  .text              ro code   0x800'0d24    0xc  cstartup_M.o [4]
  .text              ro code   0x800'0d30    0x4  startup_stm32l431xx.o [1]
  .text              ro code   0x800'0d34    0x4  startup_stm32l431xx.o [1]
  .text              ro code   0x800'0d38    0x4  startup_stm32l431xx.o [1]
  .text              ro code   0x800'0d3c    0x4  startup_stm32l431xx.o [1]
  .text              ro code   0x800'0d40    0x4  startup_stm32l431xx.o [1]
  .text              ro code   0x800'0d44    0x4  startup_stm32l431xx.o [1]
  .text              ro code   0x800'0d48    0x4  startup_stm32l431xx.o [1]
  .text              ro code   0x800'0d4c    0x4  startup_stm32l431xx.o [1]
  .text              ro code   0x800'0d50    0x4  startup_stm32l431xx.o [1]
  .text              ro code   0x800'0d54    0x4  startup_stm32l431xx.o [1]
  .text              ro code   0x800'0d58    0x4  startup_stm32l431xx.o [1]
  .text              ro code   0x800'0d5c    0x4  startup_stm32l431xx.o [1]
  .text              ro code   0x800'0d60    0x4  startup_stm32l431xx.o [1]
  .text              ro code   0x800'0d64    0x4  startup_stm32l431xx.o [1]
  .text              ro code   0x800'0d68    0x4  startup_stm32l431xx.o [1]
  .text              ro code   0x800'0d6c    0x4  startup_stm32l431xx.o [1]
  .text              ro code   0x800'0d70    0x4  startup_stm32l431xx.o [1]
  .text              ro code   0x800'0d74    0x4  startup_stm32l431xx.o [1]
  .text              ro code   0x800'0d78    0x4  startup_stm32l431xx.o [1]
  .text              ro code   0x800'0d7c    0x4  startup_stm32l431xx.o [1]
  .text              ro code   0x800'0d80    0x4  startup_stm32l431xx.o [1]
  .text              ro code   0x800'0d84    0x4  startup_stm32l431xx.o [1]
  .text              ro code   0x800'0d88    0x4  startup_stm32l431xx.o [1]
  .text              ro code   0x800'0d8c    0x4  startup_stm32l431xx.o [1]
  .text              ro code   0x800'0d90    0x4  startup_stm32l431xx.o [1]
  .text              ro code   0x800'0d94    0x4  startup_stm32l431xx.o [1]
  .text              ro code   0x800'0d98    0x4  startup_stm32l431xx.o [1]
  .text              ro code   0x800'0d9c    0x4  startup_stm32l431xx.o [1]
  .text              ro code   0x800'0da0    0x4  startup_stm32l431xx.o [1]
  .text              ro code   0x800'0da4    0x4  startup_stm32l431xx.o [1]
  .text              ro code   0x800'0da8    0x4  startup_stm32l431xx.o [1]
  .text              ro code   0x800'0dac    0x4  startup_stm32l431xx.o [1]
  .text              ro code   0x800'0db0    0x4  startup_stm32l431xx.o [1]
  .text              ro code   0x800'0db4    0x4  startup_stm32l431xx.o [1]
  .text              ro code   0x800'0db8    0x4  startup_stm32l431xx.o [1]
  .text              ro code   0x800'0dbc    0x4  startup_stm32l431xx.o [1]
  .text              ro code   0x800'0dc0    0x4  startup_stm32l431xx.o [1]
  .text              ro code   0x800'0dc4    0x4  startup_stm32l431xx.o [1]
  .text              ro code   0x800'0dc8    0x4  startup_stm32l431xx.o [1]
  .text              ro code   0x800'0dcc    0x4  startup_stm32l431xx.o [1]
  .text              ro code   0x800'0dd0    0x4  startup_stm32l431xx.o [1]
  .text              ro code   0x800'0dd4    0x4  startup_stm32l431xx.o [1]
  .text              ro code   0x800'0dd8    0x4  startup_stm32l431xx.o [1]
  .text              ro code   0x800'0ddc    0x4  startup_stm32l431xx.o [1]
  .text              ro code   0x800'0de0    0x4  startup_stm32l431xx.o [1]
  .text              ro code   0x800'0de4    0x4  startup_stm32l431xx.o [1]
  .text              ro code   0x800'0de8    0x4  startup_stm32l431xx.o [1]
  .text              ro code   0x800'0dec    0x4  startup_stm32l431xx.o [1]
  .text              ro code   0x800'0df0    0x4  startup_stm32l431xx.o [1]
  .text              ro code   0x800'0df4    0x4  startup_stm32l431xx.o [1]
  .text              ro code   0x800'0df8    0x4  startup_stm32l431xx.o [1]
  .text              ro code   0x800'0dfc    0x4  startup_stm32l431xx.o [1]
  .text              ro code   0x800'0e00    0x4  startup_stm32l431xx.o [1]
  .text              ro code   0x800'0e04    0x4  startup_stm32l431xx.o [1]
  .text              ro code   0x800'0e08    0x4  startup_stm32l431xx.o [1]
  .text              ro code   0x800'0e0c    0x4  startup_stm32l431xx.o [1]
  .text              ro code   0x800'0e10    0x4  startup_stm32l431xx.o [1]
  .text              ro code   0x800'0e14    0x4  startup_stm32l431xx.o [1]
  .text              ro code   0x800'0e18    0x4  startup_stm32l431xx.o [1]
  .text              ro code   0x800'0e1c    0x4  startup_stm32l431xx.o [1]
  .text              ro code   0x800'0e20    0x4  startup_stm32l431xx.o [1]
  .text              ro code   0x800'0e24    0x4  startup_stm32l431xx.o [1]
  .text              ro code   0x800'0e28    0x4  startup_stm32l431xx.o [1]
  .text              ro code   0x800'0e2c    0x4  startup_stm32l431xx.o [1]
  .rodata            const     0x800'0e30    0x0  copy_init3.o [4]
                             - 0x800'0e30  0xca4

"P2", part 1 of 2:                          0x10
  P2-1                        0x2000'0000   0x10  <Init block>
    .data            inited   0x2000'0000    0xc  stm32l4xx_hal.o [1]
    .data            inited   0x2000'000c    0x4  system_stm32l4xx.o [1]
                            - 0x2000'0010   0x10

"P2", part 2 of 2:                         0x400
  CSTACK                      0x2000'0010  0x400  <Block>
    CSTACK           uninit   0x2000'0010  0x400  <Block tail>
                            - 0x2000'0410  0x400

Unused ranges:

         From           To      Size
         ----           --      ----
   0x800'0e30   0x803'ffff  0x3'f1d0
  0x2000'0410  0x2000'ffff    0xfbf0


*******************************************************************************
*** INIT TABLE
***

          Address      Size
          -------      ----
Copy (__iar_copy_init3)
    1 source range, total size 0x10:
           0x800'0d14  0x10
    1 destination range, total size 0x10:
          0x2000'0000  0x10



*******************************************************************************
*** MODULE SUMMARY
***

    Module                  ro code  ro data  rw data
    ------                  -------  -------  -------
command line/config:
    -------------------------------------------------
    Total:

E:\FeiMaoTui\Project\stm32_¹¦ºÄ²âÊÔ\1017\EWARM\1017\Obj: [1]
    main.o                      100
    startup_stm32l431xx.o       668
    stm32l4xx_hal.o             142       12       12
    stm32l4xx_hal_cortex.o      172
    stm32l4xx_hal_msp.o          48
    stm32l4xx_hal_pwr.o          16
    stm32l4xx_hal_pwr_ex.o      220
    stm32l4xx_hal_rcc.o       1 804
    stm32l4xx_it.o               20
    system_stm32l4xx.o          140        4        4
    -------------------------------------------------
    Total:                    3 330       16       16

dl7M_tln.a: [2]
    exit.o                        4
    low_level_init.o              4
    -------------------------------------------------
    Total:                        8

m7M_tls.a: [3]
    fpinit_M.o                   34
    -------------------------------------------------
    Total:                       34

rt7M_tl.a: [4]
    ABImemclr4.o                  6
    ABImemset48.o                50
    cexit.o                      10
    cmain.o                      30
    copy_init3.o                 44
    cstartup_M.o                 12
    data_init.o                  40
    -------------------------------------------------
    Total:                      192

shb_l.a: [5]
    exit.o                       20
    -------------------------------------------------
    Total:                       20

    Gaps                         10        2
    Linker created                        20    1 024
-----------------------------------------------------
    Grand Total:              3 594       38    1 040


*******************************************************************************
*** ENTRY LIST
***

Entry                       Address   Size  Type      Object
-----                       -------   ----  ----      ------
.iar.init_table$$Base    0x800'0c84          --   Gb  - Linker created -
.iar.init_table$$Limit   0x800'0c98          --   Gb  - Linker created -
?main                    0x800'0c99         Code  Gb  cmain.o [4]
AHBPrescTable            0x800'0abc   0x10  Data  Gb  system_stm32l4xx.o [1]
BusFault_Handler         0x800'0ce7    0x2  Code  Gb  stm32l4xx_it.o [1]
CSTACK$$Base            0x2000'0010          --   Gb  - Linker created -
CSTACK$$Limit           0x2000'0410          --   Gb  - Linker created -
DebugMon_Handler         0x800'0ced    0x2  Code  Gb  stm32l4xx_it.o [1]
HAL_GetTick              0x800'08dd    0xc  Code  Wk  stm32l4xx_hal.o [1]
HAL_IncTick              0x800'0cf5   0x10  Code  Wk  stm32l4xx_hal.o [1]
HAL_Init                 0x800'0b61   0x1e  Code  Gb  stm32l4xx_hal.o [1]
HAL_InitTick             0x800'0899   0x44  Code  Wk  stm32l4xx_hal.o [1]
HAL_MspInit              0x800'0ba9   0x30  Code  Gb  stm32l4xx_hal_msp.o [1]
HAL_NVIC_SetPriority     0x800'09f9   0x3a  Code  Gb  stm32l4xx_hal_cortex.o [1]
HAL_NVIC_SetPriorityGrouping
                         0x800'09df   0x1a  Code  Gb  stm32l4xx_hal_cortex.o [1]
HAL_PWREx_ControlVoltageScaling
                         0x800'08f5   0x5e  Code  Gb  stm32l4xx_hal_pwr_ex.o [1]
HAL_PWREx_EnterSTOP0Mode
                         0x800'0963   0x22  Code  Gb  stm32l4xx_hal_pwr_ex.o [1]
HAL_PWREx_EnterSTOP1Mode
                         0x800'0985   0x24  Code  Gb  stm32l4xx_hal_pwr_ex.o [1]
HAL_PWREx_GetVoltageRange
                         0x800'08e9    0xc  Code  Gb  stm32l4xx_hal_pwr_ex.o [1]
HAL_PWR_EnterSTOPMode    0x800'0b91   0x10  Code  Gb  stm32l4xx_hal_pwr.o [1]
HAL_RCC_ClockConfig      0x800'0645  0x100  Code  Gb  stm32l4xx_hal_rcc.o [1]
HAL_RCC_GetSysClockFreq
                         0x800'0759   0x92  Code  Gb  stm32l4xx_hal_rcc.o [1]
HAL_RCC_OscConfig        0x800'018d  0x494  Code  Gb  stm32l4xx_hal_rcc.o [1]
HAL_SYSTICK_Config       0x800'0a33   0x28  Code  Gb  stm32l4xx_hal_cortex.o [1]
HAL_SuspendTick          0x800'0b81   0x10  Code  Wk  stm32l4xx_hal.o [1]
HardFault_Handler        0x800'0ce3    0x2  Code  Gb  stm32l4xx_it.o [1]
MSIRangeTable            0x800'0acc   0x30  Data  Gb  system_stm32l4xx.o [1]
MemManage_Handler        0x800'0ce5    0x2  Code  Gb  stm32l4xx_it.o [1]
NMI_Handler              0x800'0ce1    0x2  Code  Gb  stm32l4xx_it.o [1]
PendSV_Handler           0x800'0cef    0x2  Code  Gb  stm32l4xx_it.o [1]
RCC_SetFlashLatencyFromMSIRange
                         0x800'07eb   0x74  Code  Lc  stm32l4xx_hal_rcc.o [1]
Region$$Table$$Base      0x800'0c84          --   Gb  - Linker created -
Region$$Table$$Limit     0x800'0c98          --   Gb  - Linker created -
SVC_Handler              0x800'0ceb    0x2  Code  Gb  stm32l4xx_it.o [1]
SysTick_Handler          0x800'0cf1    0x4  Code  Gb  stm32l4xx_it.o [1]
SystemClock_Config       0x800'0b15   0x4c  Code  Gb  main.o [1]
SystemCoreClock         0x2000'000c    0x4  Data  Gb  system_stm32l4xx.o [1]
SystemInit               0x800'0a71   0x3c  Code  Gb  system_stm32l4xx.o [1]
UsageFault_Handler       0x800'0ce9    0x2  Code  Gb  stm32l4xx_it.o [1]
__NVIC_SetPriority       0x800'09c5   0x1a  Code  Lc  stm32l4xx_hal_cortex.o [1]
__aeabi_memclr4          0x800'0ba1         Code  Gb  ABImemclr4.o [4]
__cmain                  0x800'0c99         Code  Gb  cmain.o [4]
__exit                   0x800'0ccd   0x14  Code  Gb  exit.o [5]
__iar_Memset4_word       0x800'0bd9         Code  Gb  ABImemset48.o [4]
__iar_Memset8_word       0x800'0bd9         Code  Gb  ABImemset48.o [4]
__iar_copy_init3         0x800'0c0b   0x2c  Code  Gb  copy_init3.o [4]
__iar_data_init3         0x800'0c39   0x28  Code  Gb  data_init.o [4]
__iar_init_vfp           0x800'0c61         Code  Gb  fpinit_M.o [3]
__iar_program_start      0x800'0d25         Code  Gb  cstartup_M.o [4]
__low_level_init         0x800'0cb7    0x4  Code  Gb  low_level_init.o [2]
__vector_table           0x800'0000         Data  Gb  startup_stm32l431xx.o [1]
_call_main               0x800'0ca5         Code  Gb  cmain.o [4]
_exit                    0x800'0cc1         Code  Gb  cexit.o [4]
_main                    0x800'0cb3         Code  Gb  cmain.o [4]
exit                     0x800'0cbb    0x4  Code  Gb  exit.o [2]
main                     0x800'0afd   0x18  Code  Gb  main.o [1]
uwTick                  0x2000'0000    0x4  Data  Gb  stm32l4xx_hal.o [1]
uwTickFreq              0x2000'0008    0x4  Data  Gb  stm32l4xx_hal.o [1]
uwTickPrio              0x2000'0004    0x4  Data  Gb  stm32l4xx_hal.o [1]


[1] = E:\FeiMaoTui\Project\stm32_¹¦ºÄ²âÊÔ\1017\EWARM\1017\Obj
[2] = dl7M_tln.a
[3] = m7M_tls.a
[4] = rt7M_tl.a
[5] = shb_l.a

  3 594 bytes of readonly  code memory
     38 bytes of readonly  data memory
  1 040 bytes of readwrite data memory

Errors: none
Warnings: none
